[pixel-store.net/index.html]
[backblue.gif]
[fade.gif]
[index.html]
[pixel-store.net/favicon.png]
[pixel-store.net/css/bootstrap.min.css]
[pixel-store.net/css/core.css]
[pixel-store.net/images/logo.png]
[pixel-store.net/discord]
[pixel-store.net/images/gateways/pagseguro.gif]
[pixel-store.net/images/gateways/mercadopago.png]
[pixel-store.net/images/renders/minecraft-full.jpg]
[pixel-store.net/comprar/minecraft-key.html]
[pixel-store.net/images/renders/minecraft-combo.jpg]
[pixel-store.net/comprar/minecraft-full-acesso-completo.html]
[pixel-store.net/images/renders/minecraft-cape.jpg]
[pixel-store.net/comprar/capa-optifine.html]
[pixel-store.net/comprar/combo-zak.html]
[pixel-store.net/images/renders/combo.png]
[pixel-store.net/scripts/jquery.min.js]
[pixel-store.net/scripts/popper.min.js]
[pixel-store.net/scripts/bootstrap.min.js]
[pixel-store.net/scripts/particles.min.js]
[pixel-store.net/scripts/app.js]
[pixel-store.net/index.html]
[pixel-store.net/css/bootstrap.min.css]
[pixel-store.net/css/core.css]
[pixel-store.net/discord.html]
[pixel-store.net/comprar/minecraft-key.html]
[pixel-store.net/comprar/minecraft-full-acesso-completo.html]
[pixel-store.net/comprar/capa-optifine.html]
[pixel-store.net/comprar/combo-zak.html]
